---
http_interactions:
- request:
    method: post
    uri: https://fantagio-staging.auth0.com/oauth/token
    body:
      encoding: UTF-8
      string: '{"client_id":"<PUG_CLIENT_ID>","client_secret":"<PUG_CLIENT_SECRET>","audience":"https://staging-api.fantag.io/","grant_type":"client_credentials"}'
    headers:
      Content-Type:
      - application/json
      User-Agent:
      - Faraday v2.14.0
      Accept-Encoding:
      - gzip;q=1.0,deflate;q=0.6,identity;q=0.3
      Accept:
      - "*/*"
  response:
    status:
      code: 200
      message: OK
    headers:
      Date:
      - Sat, 15 Nov 2025 06:00:48 GMT
      Content-Type:
      - application/json
      Transfer-Encoding:
      - chunked
      Connection:
      - keep-alive
      Cf-Ray:
      - 99ec87c92e476e7e-SMF
      Cf-Cache-Status:
      - DYNAMIC
      Cache-Control:
      - no-store
      Set-Cookie:
      - _cfuvid=I1CcGJxAYt9lhpM5IBk5w_MjBqv.KWElBKqO83af4IE-1763186448932-0.0.1.1-604800000;
        path=/; domain=.auth0.com; HttpOnly; Secure; SameSite=None
      - did=s%3Av0%3A1ae49214-b817-437f-b73b-e494a16c1bc8.Qlte3tNgmct0I%2FyG0OZk1mvUYLpu3Dxg8n2oFGB2uJY;
        Path=/; Expires=Sun, 15 Nov 2026 12:00:48 GMT; HttpOnly; Secure; SameSite=None
      - did_compat=s%3Av0%3A1ae49214-b817-437f-b73b-e494a16c1bc8.Qlte3tNgmct0I%2FyG0OZk1mvUYLpu3Dxg8n2oFGB2uJY;
        Path=/; Expires=Sun, 15 Nov 2026 12:00:48 GMT; HttpOnly; Secure
      Strict-Transport-Security:
      - max-age=31536000; includeSubDomains
      Vary:
      - Accept-Encoding, Origin
      Pragma:
      - no-cache
      X-Auth0-L:
      - '0.049'
      X-Auth0-Requestid:
      - b9685c26c443dc1a8b84
      X-Content-Type-Options:
      - nosniff
      X-Ratelimit-Limit:
      - '100'
      X-Ratelimit-Remaining:
      - '99'
      X-Ratelimit-Reset:
      - '1763186450'
      Server:
      - cloudflare
      Alt-Svc:
      - h3=":443"; ma=86400
    body:
      encoding: ASCII-8BIT
      string: '{"access_token":"<ACCESS_TOKEN>","scope":"https://api.fantag.io/namespaces/fantag-capture-app-staging/videos
        https://api.fantag.io/namespaces/zach-staging/videos https://api.fantag.io/namespaces/zach-loadtest/videos
        namespaces:fantag-capture-app-staging:videos:* namespaces:fantag-capture-app-staging:campaigns:*
        namespaces:scott-staging:campaigns:* namespaces:scott-staging:videos:* namespaces:zach-staging:videos:*
        namespaces:zach-staging:campaigns:* namespaces:test-namespace:videos:* namespaces:test-namespace:campaigns:*
        system:namespaces:* system:clients:* system:videos:* system:campaigns:* namespaces:dan-staging:campaigns:*
        system:webhooks:* namespaces:jwn-jwn:videos:* namespaces:jwn-jwn:campaigns:*
        namespaces:nogrady-casa:videos:* namespaces:nogrady-casa:campaigns:* namespaces:july8-test:videos:*
        namespaces:july8-test:campaigns:* namespaces:sv-admin-staging:videos:* namespaces:sv-admin-staging:campaigns:*
        namespaces:sv-user-staging:videos:* namespaces:sv-user-staging:campaigns:*
        system:playlists:* namespaces:jwn-jwn:playlists:* namespaces:jwn-jwn:webhooks:*
        namespaces:fantag-capture-app-staging:playlists:* namespaces:test-namespace-1596214901.498939:videos:*
        namespaces:test-namespace-1596214901.498939:campaigns:* namespaces:gauge-test:videos:*
        namespaces:gauge-test:campaigns:* namespaces:gauge-test:playlists:* system:livestreams:*
        namespaces:my-app-sandbox:videos:* namespaces:my-app-sandbox:livestreams:*
        namespaces:sv-admin-staging:livestreams:* namespaces:sv-user-staging:livestreams:*
        namespaces:my-app-sandbox:campaigns:* namespaces:richard-staging:campaigns:*
        namespaces:richard-staging:videos:* namespaces:richard-staging:webhooks:*
        namespaces:richard-staging:playlists:* namespaces:richard-staging:livestreams:*
        system:simulcasttargets:* namespaces:zach-staging:livestreams:* namespaces:zach-staging:simulcasttargets:*
        namespaces:gauge-test:livestreams:* namespaces:gauge-test:simulcasttargets:*","expires_in":1209599,"token_type":"Bearer"}'
  recorded_at: Sat, 15 Nov 2025 06:00:48 GMT
- request:
    method: post
    uri: https://staging-api.video.scorevision.com/namespaces/zach-staging/videos
    body:
      encoding: UTF-8
      string: '{"data":{"type":"videos","attributes":{"metadata":{"labels":{"environment":"test","runId":"test-run-1"}},"startedAt":"2025-01-15T10:00:00Z"}}}'
    headers:
      Accept:
      - application/vnd.api+json
      Content-Type:
      - application/vnd.api+json
      User-Agent:
      - PugClient Ruby Gem 0.1.0
      Authorization:
      - "<AUTHORIZATION>"
      Accept-Encoding:
      - gzip;q=1.0,deflate;q=0.6,identity;q=0.3
  response:
    status:
      code: 201
      message: Created
    headers:
      Access-Control-Allow-Credentials:
      - 'true'
      Access-Control-Allow-Origin:
      - "*"
      Access-Control-Expose-Headers:
      - ''
      Cache-Control:
      - max-age=0, private, must-revalidate
      Content-Length:
      - '598'
      Content-Type:
      - application/vnd.api+json; charset=utf-8
      Date:
      - Sat, 15 Nov 2025 06:00:48 GMT
      Server:
      - Cowboy
      X-Cloud-Trace-Context:
      - 57871dd48febd1ffe5f716aeafe683f1/61b0c0fcae99c60d;o=0
      X-Request-Id:
      - GHgYu9U-3QIaWdsABMxB
      Via:
      - 1.1 google
      Alt-Svc:
      - h3=":443"; ma=2592000,h3-29=":443"; ma=2592000
    body:
      encoding: UTF-8
      string: '{"data":{"attributes":{"duration":null,"location":null,"metadata":{"annotations":{},"createdAt":"2025-11-15T06:00:49Z","labels":{"environment":"test","runId":"test-run-1"},"modifiedAt":"2025-11-15T06:00:49Z","name":null,"namespace":"zach-staging"},"playback":null,"playbackStart":null,"playbackStop":null,"renditions":null,"source":null,"startedAt":"2025-01-15T10:00:00.000000Z"},"id":"490c597c-f4d5-468b-a137-1618c054b7ec","links":{"self":"https://staging-api.video.scorevision.com/namespaces/zach-staging/videos/490c597c-f4d5-468b-a137-1618c054b7ec"},"type":"videos"},"jsonapi":{"version":"1.0"}}'
  recorded_at: Sat, 15 Nov 2025 06:00:49 GMT
- request:
    method: delete
    uri: https://staging-api.video.scorevision.com/namespaces/zach-staging/videos/490c597c-f4d5-468b-a137-1618c054b7ec
    body:
      encoding: US-ASCII
      string: ''
    headers:
      Accept:
      - application/vnd.api+json
      Content-Type:
      - application/vnd.api+json
      User-Agent:
      - PugClient Ruby Gem 0.1.0
      Authorization:
      - "<AUTHORIZATION>"
      Accept-Encoding:
      - gzip;q=1.0,deflate;q=0.6,identity;q=0.3
  response:
    status:
      code: 200
      message: OK
    headers:
      Access-Control-Allow-Credentials:
      - 'true'
      Access-Control-Allow-Origin:
      - "*"
      Access-Control-Expose-Headers:
      - ''
      Cache-Control:
      - max-age=0, private, must-revalidate
      Content-Length:
      - '598'
      Content-Type:
      - application/vnd.api+json; charset=utf-8
      Date:
      - Sat, 15 Nov 2025 06:00:48 GMT
      Server:
      - Cowboy
      X-Cloud-Trace-Context:
      - 50a4dcad78d0f9d1226b6dab60ea78a1/20e82f87a90701e9;o=0
      X-Request-Id:
      - GHgYu-Jrjsf0LHsABgBh
      Via:
      - 1.1 google
      Alt-Svc:
      - h3=":443"; ma=2592000,h3-29=":443"; ma=2592000
    body:
      encoding: UTF-8
      string: '{"data":{"attributes":{"duration":null,"location":null,"metadata":{"annotations":{},"createdAt":"2025-11-15T06:00:49Z","labels":{"environment":"test","runId":"test-run-1"},"modifiedAt":"2025-11-15T06:00:49Z","name":null,"namespace":"zach-staging"},"playback":null,"playbackStart":null,"playbackStop":null,"renditions":null,"source":null,"startedAt":"2025-01-15T10:00:00.000000Z"},"id":"490c597c-f4d5-468b-a137-1618c054b7ec","links":{"self":"https://staging-api.video.scorevision.com/namespaces/zach-staging/videos/490c597c-f4d5-468b-a137-1618c054b7ec"},"type":"videos"},"jsonapi":{"version":"1.0"}}'
  recorded_at: Sat, 15 Nov 2025 06:00:49 GMT
recorded_with: VCR 6.3.1
