---
http_interactions:
- request:
    method: post
    uri: https://fantagio-staging.auth0.com/oauth/token
    body:
      encoding: UTF-8
      string: '{"client_id":"<PUG_CLIENT_ID>","client_secret":"<PUG_CLIENT_SECRET>","audience":"https://staging-api.fantag.io/","grant_type":"client_credentials"}'
    headers:
      Content-Type:
      - application/json
      User-Agent:
      - Faraday v2.14.0
      Accept-Encoding:
      - gzip;q=1.0,deflate;q=0.6,identity;q=0.3
      Accept:
      - "*/*"
  response:
    status:
      code: 200
      message: OK
    headers:
      Date:
      - Sat, 15 Nov 2025 06:00:36 GMT
      Content-Type:
      - application/json
      Transfer-Encoding:
      - chunked
      Connection:
      - keep-alive
      Cf-Ray:
      - 99ec877c2e19a495-SMF
      Cf-Cache-Status:
      - DYNAMIC
      Cache-Control:
      - no-store
      Set-Cookie:
      - _cfuvid=Ke63n9V1NjePrvsvWNw6dEFoR0BC6mQvLEyQcilfwpQ-1763186436589-0.0.1.1-604800000;
        path=/; domain=.auth0.com; HttpOnly; Secure; SameSite=None
      - did=s%3Av0%3A93c84799-a3aa-463c-b5c0-2aa3bb5398cb.hZApxDV2S6T%2FDD5soKmty%2BgFg9Fsp8T51yx7hVq%2FB2A;
        Path=/; Expires=Sun, 15 Nov 2026 12:00:36 GMT; HttpOnly; Secure; SameSite=None
      - did_compat=s%3Av0%3A93c84799-a3aa-463c-b5c0-2aa3bb5398cb.hZApxDV2S6T%2FDD5soKmty%2BgFg9Fsp8T51yx7hVq%2FB2A;
        Path=/; Expires=Sun, 15 Nov 2026 12:00:36 GMT; HttpOnly; Secure
      Strict-Transport-Security:
      - max-age=31536000; includeSubDomains
      Vary:
      - Accept-Encoding, Origin
      Pragma:
      - no-cache
      X-Auth0-L:
      - '0.034'
      X-Auth0-Requestid:
      - 80b19a8da8b92f6354a5
      X-Content-Type-Options:
      - nosniff
      X-Ratelimit-Limit:
      - '100'
      X-Ratelimit-Remaining:
      - '99'
      X-Ratelimit-Reset:
      - '1763186438'
      Server:
      - cloudflare
      Alt-Svc:
      - h3=":443"; ma=86400
    body:
      encoding: ASCII-8BIT
      string: '{"access_token":"<ACCESS_TOKEN>","scope":"https://api.fantag.io/namespaces/fantag-capture-app-staging/videos
        https://api.fantag.io/namespaces/zach-staging/videos https://api.fantag.io/namespaces/zach-loadtest/videos
        namespaces:fantag-capture-app-staging:videos:* namespaces:fantag-capture-app-staging:campaigns:*
        namespaces:scott-staging:campaigns:* namespaces:scott-staging:videos:* namespaces:zach-staging:videos:*
        namespaces:zach-staging:campaigns:* namespaces:test-namespace:videos:* namespaces:test-namespace:campaigns:*
        system:namespaces:* system:clients:* system:videos:* system:campaigns:* namespaces:dan-staging:campaigns:*
        system:webhooks:* namespaces:jwn-jwn:videos:* namespaces:jwn-jwn:campaigns:*
        namespaces:nogrady-casa:videos:* namespaces:nogrady-casa:campaigns:* namespaces:july8-test:videos:*
        namespaces:july8-test:campaigns:* namespaces:sv-admin-staging:videos:* namespaces:sv-admin-staging:campaigns:*
        namespaces:sv-user-staging:videos:* namespaces:sv-user-staging:campaigns:*
        system:playlists:* namespaces:jwn-jwn:playlists:* namespaces:jwn-jwn:webhooks:*
        namespaces:fantag-capture-app-staging:playlists:* namespaces:test-namespace-1596214901.498939:videos:*
        namespaces:test-namespace-1596214901.498939:campaigns:* namespaces:gauge-test:videos:*
        namespaces:gauge-test:campaigns:* namespaces:gauge-test:playlists:* system:livestreams:*
        namespaces:my-app-sandbox:videos:* namespaces:my-app-sandbox:livestreams:*
        namespaces:sv-admin-staging:livestreams:* namespaces:sv-user-staging:livestreams:*
        namespaces:my-app-sandbox:campaigns:* namespaces:richard-staging:campaigns:*
        namespaces:richard-staging:videos:* namespaces:richard-staging:webhooks:*
        namespaces:richard-staging:playlists:* namespaces:richard-staging:livestreams:*
        system:simulcasttargets:* namespaces:zach-staging:livestreams:* namespaces:zach-staging:simulcasttargets:*
        namespaces:gauge-test:livestreams:* namespaces:gauge-test:simulcasttargets:*","expires_in":1209599,"token_type":"Bearer"}'
  recorded_at: Sat, 15 Nov 2025 06:00:36 GMT
- request:
    method: post
    uri: https://staging-api.video.scorevision.com/namespaces/zach-staging/simulcasttargets
    body:
      encoding: UTF-8
      string: '{"data":{"type":"SimulcastTargets","attributes":{"url":"rtmp://test.example.com/live/test-stream"}}}'
    headers:
      Accept:
      - application/vnd.api+json
      Content-Type:
      - application/vnd.api+json
      User-Agent:
      - PugClient Ruby Gem 0.1.0
      Authorization:
      - "<AUTHORIZATION>"
      Accept-Encoding:
      - gzip;q=1.0,deflate;q=0.6,identity;q=0.3
  response:
    status:
      code: 201
      message: Created
    headers:
      Access-Control-Allow-Credentials:
      - 'true'
      Access-Control-Allow-Origin:
      - "*"
      Access-Control-Expose-Headers:
      - ''
      Cache-Control:
      - max-age=0, private, must-revalidate
      Content-Length:
      - '463'
      Content-Type:
      - application/vnd.api+json; charset=utf-8
      Date:
      - Sat, 15 Nov 2025 06:00:36 GMT
      Server:
      - Cowboy
      X-Cloud-Trace-Context:
      - 3c91f981ea224cec6cb4d1d525a50e62/8ccca24c0209345a;o=0
      X-Request-Id:
      - GHgYuPB6_3-e_gsABMlh
      Via:
      - 1.1 google
      Alt-Svc:
      - h3=":443"; ma=2592000,h3-29=":443"; ma=2592000
    body:
      encoding: UTF-8
      string: '{"data":{"attributes":{"metadata":{"annotations":{},"createdAt":"2025-11-15T06:00:36Z","labels":{},"modifiedAt":"2025-11-15T06:00:36Z","name":null,"namespace":"zach-staging"},"url":"rtmp://test.example.com/live/test-stream"},"id":"4b4d5922-c926-4ac2-8211-9b470c0dcf28","links":{"self":"https://staging-api.video.scorevision.com/namespaces/zach-staging/simulcasttargets/4b4d5922-c926-4ac2-8211-9b470c0dcf28"},"type":"simulcastTargets"},"jsonapi":{"version":"1.0"}}'
  recorded_at: Sat, 15 Nov 2025 06:00:36 GMT
- request:
    method: get
    uri: https://staging-api.video.scorevision.com/namespaces/zach-staging/simulcasttargets/4b4d5922-c926-4ac2-8211-9b470c0dcf28
    body:
      encoding: US-ASCII
      string: ''
    headers:
      Accept:
      - application/vnd.api+json
      Content-Type:
      - application/vnd.api+json
      User-Agent:
      - PugClient Ruby Gem 0.1.0
      Authorization:
      - "<AUTHORIZATION>"
      Accept-Encoding:
      - gzip;q=1.0,deflate;q=0.6,identity;q=0.3
  response:
    status:
      code: 200
      message: OK
    headers:
      Access-Control-Allow-Credentials:
      - 'true'
      Access-Control-Allow-Origin:
      - "*"
      Access-Control-Expose-Headers:
      - ''
      Cache-Control:
      - max-age=0, private, must-revalidate
      Content-Length:
      - '463'
      Content-Type:
      - application/vnd.api+json; charset=utf-8
      Date:
      - Sat, 15 Nov 2025 06:00:36 GMT
      Server:
      - Cowboy
      X-Cloud-Trace-Context:
      - af7542a823f1b384a567e2b1139529f5/311dbd7806cc4670;o=0
      X-Request-Id:
      - GHgYuQTjf8gdo4AABf1B
      Via:
      - 1.1 google
      Alt-Svc:
      - h3=":443"; ma=2592000,h3-29=":443"; ma=2592000
    body:
      encoding: UTF-8
      string: '{"data":{"attributes":{"metadata":{"annotations":{},"createdAt":"2025-11-15T06:00:36Z","labels":{},"modifiedAt":"2025-11-15T06:00:36Z","name":null,"namespace":"zach-staging"},"url":"rtmp://test.example.com/live/test-stream"},"id":"4b4d5922-c926-4ac2-8211-9b470c0dcf28","links":{"self":"https://staging-api.video.scorevision.com/namespaces/zach-staging/simulcasttargets/4b4d5922-c926-4ac2-8211-9b470c0dcf28"},"type":"simulcastTargets"},"jsonapi":{"version":"1.0"}}'
  recorded_at: Sat, 15 Nov 2025 06:00:37 GMT
- request:
    method: delete
    uri: https://staging-api.video.scorevision.com/namespaces/zach-staging/simulcasttargets/4b4d5922-c926-4ac2-8211-9b470c0dcf28
    body:
      encoding: US-ASCII
      string: ''
    headers:
      Accept:
      - application/vnd.api+json
      Content-Type:
      - application/vnd.api+json
      User-Agent:
      - PugClient Ruby Gem 0.1.0
      Authorization:
      - "<AUTHORIZATION>"
      Accept-Encoding:
      - gzip;q=1.0,deflate;q=0.6,identity;q=0.3
  response:
    status:
      code: 200
      message: OK
    headers:
      Access-Control-Allow-Credentials:
      - 'true'
      Access-Control-Allow-Origin:
      - "*"
      Access-Control-Expose-Headers:
      - ''
      Cache-Control:
      - max-age=0, private, must-revalidate
      Content-Length:
      - '463'
      Content-Type:
      - application/vnd.api+json; charset=utf-8
      Date:
      - Sat, 15 Nov 2025 06:00:36 GMT
      Server:
      - Cowboy
      X-Cloud-Trace-Context:
      - d01362560b9669a79d4f5c61296be8ff/3d9a04982a1e0fb9;o=0
      X-Request-Id:
      - GHgYuRT7FljgoAwABf1h
      Via:
      - 1.1 google
      Alt-Svc:
      - h3=":443"; ma=2592000,h3-29=":443"; ma=2592000
    body:
      encoding: UTF-8
      string: '{"data":{"attributes":{"metadata":{"annotations":{},"createdAt":"2025-11-15T06:00:36Z","labels":{},"modifiedAt":"2025-11-15T06:00:36Z","name":null,"namespace":"zach-staging"},"url":"rtmp://test.example.com/live/test-stream"},"id":"4b4d5922-c926-4ac2-8211-9b470c0dcf28","links":{"self":"https://staging-api.video.scorevision.com/namespaces/zach-staging/simulcasttargets/4b4d5922-c926-4ac2-8211-9b470c0dcf28"},"type":"simulcastTargets"},"jsonapi":{"version":"1.0"}}'
  recorded_at: Sat, 15 Nov 2025 06:00:37 GMT
recorded_with: VCR 6.3.1
